// Jest Snapshot v1, https://goo.gl/fbAQLP

exports[`searchMCSOForm component renders a form 1`] = `
<div
  className="formDiv"
>
  <form
    className="form"
    onSubmit={[Function]}
  >
    <p>
      <label>
        Name contains:
      </label>
      <input
        name="name"
        onChange={[Function]}
        type="text"
        value=""
      />
    </p>
    <div>
      <label>
        Date and Time Range:
      </label>
      <DatePicker
        allowSameDay={false}
        dateFormat="MMMM d, yyyy h:mm aa"
        dateFormatCalendar="LLLL yyyy"
        disabled={false}
        disabledKeyboardNavigation={false}
        dropdownMode="scroll"
        endDate={null}
        maxDate={2018-12-17T05:37:31.580Z}
        monthsShown={1}
        nextMonthButtonLabel="Next month"
        onBlur={[Function]}
        onChange={[Function]}
        onClickOutside={[Function]}
        onFocus={[Function]}
        onInputClick={[Function]}
        onInputError={[Function]}
        onKeyDown={[Function]}
        onMonthChange={[Function]}
        onSelect={[Function]}
        onYearChange={[Function]}
        placeholderText="Select a date range START within the last 7 days"
        preventOpenOnFocus={false}
        previousMonthButtonLabel="Previous Month"
        readOnly={false}
        renderDayContents={[Function]}
        selected={null}
        selectsStart={true}
        shouldCloseOnSelect={true}
        showTimeSelect={true}
        startDate={null}
        timeCaption="Time"
        timeIntervals={30}
        withPortal={false}
      />
      <DatePicker
        allowSameDay={false}
        dateFormat="MMMM d, yyyy h:mm aa"
        dateFormatCalendar="LLLL yyyy"
        disabled={false}
        disabledKeyboardNavigation={false}
        dropdownMode="scroll"
        endDate={null}
        maxDate={2018-12-17T05:37:31.582Z}
        minDate={null}
        monthsShown={1}
        nextMonthButtonLabel="Next month"
        onBlur={[Function]}
        onChange={[Function]}
        onClickOutside={[Function]}
        onFocus={[Function]}
        onInputClick={[Function]}
        onInputError={[Function]}
        onKeyDown={[Function]}
        onMonthChange={[Function]}
        onSelect={[Function]}
        onYearChange={[Function]}
        placeholderText="Select a date range END within the last 7 days"
        preventOpenOnFocus={false}
        previousMonthButtonLabel="Previous Month"
        readOnly={false}
        renderDayContents={[Function]}
        selected={null}
        selectsEnd={true}
        shouldCloseOnSelect={true}
        showTimeSelect={true}
        startDate={null}
        timeCaption="Time"
        timeIntervals={30}
        withPortal={false}
      />
    </div>
    <button
      disabled={false}
      type="submit"
    >
      Search
    </button>
  </form>
</div>
`;
